alloca.h
arpa/inet.h
arpa/nameser_compat.h
arpa/nameser.h
asm/errno.h
asm/socket.h
asm/ioctls.h
asm/sigcontext.h
assert.h
atomic.h
bits/atomic.h
bits/byteswap-common.h
bits/byteswap.h
bits/cmathcalls.h
bits/confname.h
bits/dirent.h
bits/dlfcn.h
bits/elfclass.h
bits/endian.h
bits/environments.h
bits/errno.h
bits/fcntl.h
bits/fenv.h
bits/fenvinline.h
bits/getopt.h
bits/huge_valf.h
bits/huge_val.h
bits/huge_vall.h
bits/inf.h
bits/in.h
bits/ioctls.h
bits/ioctl-types.h
bits/ipc.h
bits/kernel_stat.h
bits/kernel_types.h
bits/kernel-features.h
bits/locale.h
bits/local_lim.h
bits/mathcalls.h
bits/mathdef.h
bits/mathinline.h
bits/mman-common.h
bits/mman.h
bits/msq.h
bits/nan.h
bits/netdb.h
bits/poll.h
bits/posix1_lim.h
bits/posix2_lim.h
bits/posix_opt.h
bits/resource.h
bits/sched.h
bits/select.h
bits/sem.h
bits/setjmp.h
bits/shm.h
bits/sigaction.h
bits/sigcontext.h
bits/sigcontextinfo.h
bits/siginfo.h
bits/signum.h
bits/sigset.h
bits/sigstack.h
bits/sigthread.h
bits/sockaddr.h
bits/socket.h
bits/socket_type.h
bits/stackinfo.h
bits/statfs.h
bits/stat.h
bits/stdio_lim.h
bits/syscalls.h
bits/termios.h
bits/time.h
bits/types.h
bits/typesizes.h
bits/uClibc_arch_features.h
bits/uClibc_charclass.h
bits/uClibc_clk_tck.h
bits/uClibc_config.h
bits/uClibc_fpmax.h
bits/uClibc_locale.h
bits/uClibc_local_lim.h
bits/uClibc_mutex.h
bits/uClibc_page.h
bits/uClibc_posix_opt.h
bits/uClibc_pthread.h
bits/uClibc_stdio.h
bits/uClibc_touplow.h
bits/uClibc_uintmaxtostr.h
bits/uClibc_uwchar.h
bits/uClibc_va_copy.h
bits/uio.h
bits/utmp.h
bits/utsname.h
bits/waitflags.h
bits/waitstatus.h
bits/wchar.h
bits/wordsize.h
bits/xopen_lim.h
byteswap.h
cancel.h
complex.h
crypt.h
ctype.h
dirent.h
dlfcn.h
elf.h
endian.h
err.h
errno.h
execinfo.h
fcntl.h
features.h
fenv.h
fnmatch.h
fpu_control.h
getopt.h
glob.h
grp.h
ieee754.h
ifaddrs.h
internal/parse_config.h
inttypes.h
jmpbuf-offsets.h
jmpbuf-unwind.h
langinfo.h
_lfs_64.h
libc-internal.h
libc-symbols.h
bits/l4-libc-symbols.h
bits/l4-malloc.h
libgen.h
libintl.h
limits.h
link.h
linux/errno.h
linux/limits.h
linux/if_ether.h
linux/param.h
locale.h
malloc.h
math.h
memory.h
netdb.h
net/ethernet.h
net/if_arp.h
net/if.h
netinet/ether.h
netinet/if_ether.h
netinet/in.h
netinet/in_systm.h
netinet/ip.h
netinet/ip_icmp.h
netinet/tcp.h
netinet/udp.h
net/route.h
nl_types.h
not-cancel.h
paths.h
poll.h
printf.h
pty.h
pwd.h
regex.h
resolv.h
rpc/netdb.h
sched.h
search.h
setjmp.h
shadow.h
signal.h
stdc-predef.h
stdint.h
stdio_ext.h
stdio.h
stdlib.h
string.h
strings.h
sys/bitypes.h
sys/cdefs.h
sys/dir.h
sysexits.h
sys/fcntl.h
sys/file.h
sys/ioctl.h
sys/ipc.h
syslog.h
sys/mman.h
sys/mount.h
sys/param.h
sys/poll.h
sys/procfs.h
sys/queue.h
sys/resource.h
sys/select.h
sys/sem.h
sys/shm.h
sys/signal.h
sys/socket.h
sys/soundcard.h
sys/statfs.h
sys/stat.h
sys/syscall.h
sys/syslog.h
sys/sysmacros.h
sys/timeb.h
sys/time.h
sys/times.h
sys/ttydefaults.h
sys/types.h
sys/ucontext.h
sys/uio.h
sys/un.h
sys/user.h
sys/utsname.h
sys/vfs.h
sys/wait.h
tar.h
termio.h
termios.h
time.h
tls.h
ucontext.h
unistd.h
utime.h
utmp.h
wchar.h
wctype.h
wordexp.h
